▲ Next.js 16.2.12 (Turbopack)
- Environments: .env.local

  Creating an optimized production build ...
[2m[DEBUG][22m Writing debug info to: [2m[34m`[39m[22m[34m/workspaces/clara-os/tailwindcss-75387.log[39m[2m[34m`[39m[22m


[2m[847.35ms][22m [@tailwindcss/postcss] src/app/globals.css
[2m[  0.13ms][22m  [2m ↳ [22mQuick bail check
[2m[171.05ms][22m  [2m ↳ [22mSetup compiler
[2m[  0.50ms][22m    [2m ↳ [22mPostCSS AST -> Tailwind CSS AST
[2m[170.51ms][22m    [2m ↳ [22mCreate compiler
[2m[  0.12ms][22m  [2m ↳ [22mRegister full rebuild paths
[2m[ 21.51ms][22m  [2m ↳ [22mSetup scanner
[2m[446.57ms][22m  [2m ↳ [22mScan for candidates
[2m[ 10.50ms][22m  [2m ↳ [22mRegister dependency messages
[2m[ 70.25ms][22m  [2m ↳ [22mBuild utilities
[2m[116.02ms][22m  [2m ↳ [22mOptimization
[2m[  3.11ms][22m    [2m ↳ [22mAST -> CSS
[2m[ 97.44ms][22m    [2m ↳ [22mLightning CSS
[2m[ 15.42ms][22m    [2m ↳ [22mCSS -> PostCSS AST
[2m[ 10.63ms][22m  [2m ↳ [22mUpdate PostCSS AST

✓ Compiled successfully in 39.8s
  Running TypeScript ...
Next.js build worker exited with code: null and signal: SIGTERM
